// Jest Snapshot v1, https://goo.gl/fbAQLP

exports[`BookItem.vue should have consistent dom 1`] = `
<div class="book-item"><img src="odyssey.jpg" class="book-cover">
  <div class="book-item-info">
    <h2 class="title">1. Odyssey</h2> <span class="author">Samet A.</span>
    <p class="synopsis">best book ever...</p>
    <upvotearea-stub book="[object Object]"></upvotearea-stub>
  </div>
</div>
`;
